<?xml version="1.0" encoding="utf-8"?>
<TestRun id="a4a8cc90-452d-4afb-b2cf-6ef41d649c7f" name="sgies@DESK-7SCHMIEDE 2025-10-03 00:11:19" runUser="DESK-7SCHMIEDE\sgies" xmlns="http://microsoft.com/schemas/VisualStudio/TeamTest/2010">
  <Times creation="2025-10-03T00:11:19.8011674+02:00" queuing="2025-10-03T00:11:19.8011677+02:00" start="2025-10-03T00:11:19.1575350+02:00" finish="2025-10-03T00:11:23.0663119+02:00" />
  <TestSettings name="default" id="6139206e-6cf4-40ab-956d-cff9c5ea1e35">
    <Deployment runDeploymentRoot="sgies_DESK-7SCHMIEDE_2025-10-03_00_11_19" />
  </TestSettings>
  <Results>
    <UnitTestResult executionId="e38e4f14-1fab-4bb8-8327-35d45437f24d" testId="310e8daf-6800-8447-f0dd-a7ed6644b293" testName="SpocR.Tests.StringExtensionsTests.ToPascalCase_Works(input: &quot;__alreadyPascal&quot;, expected: &quot;__alreadyPascal&quot;)" computerName="DESK-7SCHMIEDE" duration="00:00:00.0000026" startTime="2025-10-03T00:11:19.7624740+02:00" endTime="2025-10-03T00:11:19.7624741+02:00" testType="13cdc9d9-ddb5-4fa4-a97d-d965ccfc6d4b" outcome="Passed" testListId="8c84fa94-04c1-424b-9868-57a2d4851a1d" relativeResultsDirectory="e38e4f14-1fab-4bb8-8327-35d45437f24d" />
    <UnitTestResult executionId="a9e256db-0a86-402e-b65f-4a09c1466522" testId="585630cb-93ee-5c59-44f3-95d4af8b4c84" testName="SpocR.Tests.StringExtensionsTests.ToPascalCase_Works(input: &quot;some.value&quot;, expected: &quot;SomeValue&quot;)" computerName="DESK-7SCHMIEDE" duration="00:00:00.0003549" startTime="2025-10-03T00:11:19.7611394+02:00" endTime="2025-10-03T00:11:19.7611394+02:00" testType="13cdc9d9-ddb5-4fa4-a97d-d965ccfc6d4b" outcome="Passed" testListId="8c84fa94-04c1-424b-9868-57a2d4851a1d" relativeResultsDirectory="a9e256db-0a86-402e-b65f-4a09c1466522" />
    <UnitTestResult executionId="239ed174-efbe-4249-9dec-b18b6b19e5bb" testId="0c1a16a0-15bb-cde6-db05-26655ef45400" testName="SpocR.Tests.StringExtensionsTests.ToPascalCase_Works(input: &quot;some value&quot;, expected: &quot;SomeValue&quot;)" computerName="DESK-7SCHMIEDE" duration="00:00:00.0000062" startTime="2025-10-03T00:11:19.7625127+02:00" endTime="2025-10-03T00:11:19.7625128+02:00" testType="13cdc9d9-ddb5-4fa4-a97d-d965ccfc6d4b" outcome="Passed" testListId="8c84fa94-04c1-424b-9868-57a2d4851a1d" relativeResultsDirectory="239ed174-efbe-4249-9dec-b18b6b19e5bb" />
    <UnitTestResult executionId="15b0ec09-4a10-47e6-9570-641ee3f9f66d" testId="6f946c3a-cd9f-bdc9-5d4f-fd9db36e92b9" testName="SpocR.Tests.StringExtensionsTests.ToPascalCase_Works(input: &quot;spocr generate command&quot;, expected: &quot;SpocrGenerateCommand&quot;)" computerName="DESK-7SCHMIEDE" duration="00:00:00.0000035" startTime="2025-10-03T00:11:19.7624259+02:00" endTime="2025-10-03T00:11:19.7624260+02:00" testType="13cdc9d9-ddb5-4fa4-a97d-d965ccfc6d4b" outcome="Passed" testListId="8c84fa94-04c1-424b-9868-57a2d4851a1d" relativeResultsDirectory="15b0ec09-4a10-47e6-9570-641ee3f9f66d" />
    <UnitTestResult executionId="529c74a3-0fbd-45e1-8556-29ecf071f892" testId="d984a9d8-4d15-77b7-1f2e-e6922822fcba" testName="SpocR.Tests.Infrastructure.ExitCodesTests.ExitCodeValues_ShouldMatchDocumentation" computerName="DESK-7SCHMIEDE" duration="00:00:00.1072155" startTime="2025-10-03T00:11:19.7297122+02:00" endTime="2025-10-03T00:11:19.7297122+02:00" testType="13cdc9d9-ddb5-4fa4-a97d-d965ccfc6d4b" outcome="Passed" testListId="8c84fa94-04c1-424b-9868-57a2d4851a1d" relativeResultsDirectory="529c74a3-0fbd-45e1-8556-29ecf071f892" />
    <UnitTestResult executionId="a0725586-eba6-466f-bc3a-38e47fdb9865" testId="e3aa0ee9-6730-bf36-0222-ab1b02e46361" testName="SpocR.Tests.VersionExtensionsTests.Equals_Should_Ignore_Revision_Component" computerName="DESK-7SCHMIEDE" duration="00:00:00.0003122" startTime="2025-10-03T00:11:19.7611028+02:00" endTime="2025-10-03T00:11:19.7611029+02:00" testType="13cdc9d9-ddb5-4fa4-a97d-d965ccfc6d4b" outcome="Passed" testListId="8c84fa94-04c1-424b-9868-57a2d4851a1d" relativeResultsDirectory="a0725586-eba6-466f-bc3a-38e47fdb9865" />
    <UnitTestResult executionId="c3ec2977-4f80-4047-9bd8-7e097c5079df" testId="cb93ea7e-796d-a9f4-34ed-0e9281c8ada5" testName="SpocR.Tests.SimpleTest.SimpleAssertion_ShouldWork" computerName="DESK-7SCHMIEDE" duration="00:00:00.1072725" startTime="2025-10-03T00:11:19.7297278+02:00" endTime="2025-10-03T00:11:19.7297279+02:00" testType="13cdc9d9-ddb5-4fa4-a97d-d965ccfc6d4b" outcome="Passed" testListId="8c84fa94-04c1-424b-9868-57a2d4851a1d" relativeResultsDirectory="c3ec2977-4f80-4047-9bd8-7e097c5079df" />
    <UnitTestResult executionId="6258a715-5f6e-4230-b481-9225ee9237be" testId="c1860705-250b-4bcb-22f9-8a9fa1595795" testName="SpocR.Tests.VersionExtensionsTests.Compare_Should_Work_On_First_3_Parts(left: &quot;1.0.1&quot;, right: &quot;1.0.0&quot;, expectedSign: 1)" computerName="DESK-7SCHMIEDE" duration="00:00:00.0000028" startTime="2025-10-03T00:11:19.7609903+02:00" endTime="2025-10-03T00:11:19.7609903+02:00" testType="13cdc9d9-ddb5-4fa4-a97d-d965ccfc6d4b" outcome="Passed" testListId="8c84fa94-04c1-424b-9868-57a2d4851a1d" relativeResultsDirectory="6258a715-5f6e-4230-b481-9225ee9237be" />
    <UnitTestResult executionId="ce1be34f-f8d3-4c04-9086-b212e3f827f7" testId="0a537ab3-50c1-bb83-ed67-36394be1380a" testName="SpocR.Tests.VersionExtensionsTests.Compare_Should_Work_On_First_3_Parts(left: &quot;2.0.0&quot;, right: &quot;2.1.0&quot;, expectedSign: -1)" computerName="DESK-7SCHMIEDE" duration="00:00:00.0002617" startTime="2025-10-03T00:11:19.7306047+02:00" endTime="2025-10-03T00:11:19.7306048+02:00" testType="13cdc9d9-ddb5-4fa4-a97d-d965ccfc6d4b" outcome="Passed" testListId="8c84fa94-04c1-424b-9868-57a2d4851a1d" relativeResultsDirectory="ce1be34f-f8d3-4c04-9086-b212e3f827f7" />
    <UnitTestResult executionId="0341ddef-7c9e-4999-aedb-f7e27a54b77f" testId="6ff7ce97-82ec-9d57-2721-3d2ed40727fd" testName="SpocR.Tests.VersionExtensionsTests.Compare_Should_Work_On_First_3_Parts(left: &quot;1.0.0&quot;, right: &quot;1.0.0&quot;, expectedSign: 0)" computerName="DESK-7SCHMIEDE" duration="00:00:00.1072532" startTime="2025-10-03T00:11:19.7274678+02:00" endTime="2025-10-03T00:11:19.7274822+02:00" testType="13cdc9d9-ddb5-4fa4-a97d-d965ccfc6d4b" outcome="Passed" testListId="8c84fa94-04c1-424b-9868-57a2d4851a1d" relativeResultsDirectory="0341ddef-7c9e-4999-aedb-f7e27a54b77f" />
    <UnitTestResult executionId="c32d6288-2ec4-41f6-8b61-d0741b3b4452" testId="d01739d1-da3f-f340-3fd7-260183f09c5f" testName="SpocR.Tests.StringExtensionsTests.FirstCharToUpper_Works(input: &quot;hello&quot;, expected: &quot;Hello&quot;)" computerName="DESK-7SCHMIEDE" duration="00:00:00.0002147" startTime="2025-10-03T00:11:19.7625750+02:00" endTime="2025-10-03T00:11:19.7625751+02:00" testType="13cdc9d9-ddb5-4fa4-a97d-d965ccfc6d4b" outcome="Passed" testListId="8c84fa94-04c1-424b-9868-57a2d4851a1d" relativeResultsDirectory="c32d6288-2ec4-41f6-8b61-d0741b3b4452" />
    <UnitTestResult executionId="94f3b404-e953-40d8-b058-dcf3df5ff675" testId="f8c4ca11-fdc9-9b5e-b388-b947abdf0895" testName="SpocR.Tests.StringExtensionsTests.FirstCharToUpper_Works(input: &quot;&quot;, expected: &quot;&quot;)" computerName="DESK-7SCHMIEDE" duration="00:00:00.0001034" startTime="2025-10-03T00:11:19.7626363+02:00" endTime="2025-10-03T00:11:19.7626364+02:00" testType="13cdc9d9-ddb5-4fa4-a97d-d965ccfc6d4b" outcome="Passed" testListId="8c84fa94-04c1-424b-9868-57a2d4851a1d" relativeResultsDirectory="94f3b404-e953-40d8-b058-dcf3df5ff675" />
    <UnitTestResult executionId="678dcb84-e8ec-46c2-85a6-a3cbf3fa0871" testId="dc598568-b1c1-2304-3b1d-469135cc2239" testName="SpocR.Tests.VersionExtensionsTests.IsLessThan_Should_Return_True_When_Left_Is_Older" computerName="DESK-7SCHMIEDE" duration="00:00:00.0001097" startTime="2025-10-03T00:11:19.7624621+02:00" endTime="2025-10-03T00:11:19.7624622+02:00" testType="13cdc9d9-ddb5-4fa4-a97d-d965ccfc6d4b" outcome="Passed" testListId="8c84fa94-04c1-424b-9868-57a2d4851a1d" relativeResultsDirectory="678dcb84-e8ec-46c2-85a6-a3cbf3fa0871" />
    <UnitTestResult executionId="efbaa292-4348-482c-a555-429d3b2345c7" testId="38992816-a4da-79c1-189c-6cd4c6b8bdcd" testName="SpocR.Tests.VersionExtensionsTests.IsGreaterThan_Should_Return_True_When_Left_Is_Newer" computerName="DESK-7SCHMIEDE" duration="00:00:00.0001152" startTime="2025-10-03T00:11:19.7611723+02:00" endTime="2025-10-03T00:11:19.7611723+02:00" testType="13cdc9d9-ddb5-4fa4-a97d-d965ccfc6d4b" outcome="Passed" testListId="8c84fa94-04c1-424b-9868-57a2d4851a1d" relativeResultsDirectory="efbaa292-4348-482c-a555-429d3b2345c7" />
    <UnitTestResult executionId="8919bd66-fafe-41f9-8c87-c2c73e1152e1" testId="741d020c-c31b-806a-ce4f-1548f55446bb" testName="SpocR.Tests.StringExtensionsTests.FirstCharToLower_Works(input: &quot;&quot;, expected: &quot;&quot;)" computerName="DESK-7SCHMIEDE" duration="00:00:00.1072136" startTime="2025-10-03T00:11:19.7293991+02:00" endTime="2025-10-03T00:11:19.7293991+02:00" testType="13cdc9d9-ddb5-4fa4-a97d-d965ccfc6d4b" outcome="Passed" testListId="8c84fa94-04c1-424b-9868-57a2d4851a1d" relativeResultsDirectory="8919bd66-fafe-41f9-8c87-c2c73e1152e1" />
    <UnitTestResult executionId="2b7e1e27-e0dc-4022-9b8f-804ea97fb863" testId="d94e479d-001b-7717-6f5c-4b11866b72b6" testName="SpocR.Tests.StringExtensionsTests.FirstCharToUpper_Works(input: null, expected: null)" computerName="DESK-7SCHMIEDE" duration="00:00:00.0000027" startTime="2025-10-03T00:11:19.7626658+02:00" endTime="2025-10-03T00:11:19.7626658+02:00" testType="13cdc9d9-ddb5-4fa4-a97d-d965ccfc6d4b" outcome="Passed" testListId="8c84fa94-04c1-424b-9868-57a2d4851a1d" relativeResultsDirectory="2b7e1e27-e0dc-4022-9b8f-804ea97fb863" />
    <UnitTestResult executionId="ae4f7e35-c850-4e2b-8093-12b5ff39cf35" testId="bf29d584-1ae5-c60a-f1ae-c468ec714b7c" testName="SpocR.Tests.Infrastructure.ExitCodesTests.ExitCodes_ShouldBeUnique" computerName="DESK-7SCHMIEDE" duration="00:00:00.0042620" startTime="2025-10-03T00:11:19.7627036+02:00" endTime="2025-10-03T00:11:19.7627037+02:00" testType="13cdc9d9-ddb5-4fa4-a97d-d965ccfc6d4b" outcome="Passed" testListId="8c84fa94-04c1-424b-9868-57a2d4851a1d" relativeResultsDirectory="ae4f7e35-c850-4e2b-8093-12b5ff39cf35" />
    <UnitTestResult executionId="ed21f5a9-be0d-4e10-82d4-30dc1ce0c3cc" testId="02151e30-cc29-1a21-1995-10f118b01452" testName="SpocR.Tests.VersionExtensionsTests.Compare_Should_Work_On_First_3_Parts(left: &quot;1.1.0&quot;, right: &quot;1.0.5&quot;, expectedSign: 1)" computerName="DESK-7SCHMIEDE" duration="00:00:00.0000051" startTime="2025-10-03T00:11:19.7608432+02:00" endTime="2025-10-03T00:11:19.7608433+02:00" testType="13cdc9d9-ddb5-4fa4-a97d-d965ccfc6d4b" outcome="Passed" testListId="8c84fa94-04c1-424b-9868-57a2d4851a1d" relativeResultsDirectory="ed21f5a9-be0d-4e10-82d4-30dc1ce0c3cc" />
    <UnitTestResult executionId="3e98e988-2b8d-4d34-89fb-d1fbb46ca3b7" testId="96d7284f-a258-6469-fe84-23f745e83c59" testName="SpocR.Tests.StringExtensionsTests.FirstCharToLower_Works(input: &quot;Hello&quot;, expected: &quot;hello&quot;)" computerName="DESK-7SCHMIEDE" duration="00:00:00.0000262" startTime="2025-10-03T00:11:19.7610161+02:00" endTime="2025-10-03T00:11:19.7610161+02:00" testType="13cdc9d9-ddb5-4fa4-a97d-d965ccfc6d4b" outcome="Passed" testListId="8c84fa94-04c1-424b-9868-57a2d4851a1d" relativeResultsDirectory="3e98e988-2b8d-4d34-89fb-d1fbb46ca3b7" />
    <UnitTestResult executionId="84f8cbb3-0dd2-495b-94f4-5e1e423900d0" testId="347e9a03-6c13-e296-4872-52cbb9dcbb74" testName="SpocR.Tests.StringExtensionsTests.ToPascalCase_Works(input: &quot;some_value&quot;, expected: &quot;Some_value&quot;)" computerName="DESK-7SCHMIEDE" duration="00:00:00.0001120" startTime="2025-10-03T00:11:19.7612076+02:00" endTime="2025-10-03T00:11:19.7612077+02:00" testType="13cdc9d9-ddb5-4fa4-a97d-d965ccfc6d4b" outcome="Passed" testListId="8c84fa94-04c1-424b-9868-57a2d4851a1d" relativeResultsDirectory="84f8cbb3-0dd2-495b-94f4-5e1e423900d0" />
    <UnitTestResult executionId="3afc31c5-3290-4355-8895-190a0d1a84fa" testId="5c25d2cc-5157-afc8-ab5a-19a123d5195c" testName="SpocR.Tests.StringExtensionsTests.ToPascalCase_Works(input: &quot;some-value&quot;, expected: &quot;SomeValue&quot;)" computerName="DESK-7SCHMIEDE" duration="00:00:00.0000020" startTime="2025-10-03T00:11:19.7625425+02:00" endTime="2025-10-03T00:11:19.7625425+02:00" testType="13cdc9d9-ddb5-4fa4-a97d-d965ccfc6d4b" outcome="Passed" testListId="8c84fa94-04c1-424b-9868-57a2d4851a1d" relativeResultsDirectory="3afc31c5-3290-4355-8895-190a0d1a84fa" />
    <UnitTestResult executionId="7a204c37-8abc-4e83-8048-98cfe3b5f8b6" testId="c3303335-e9b9-2bdf-9a52-a451f00a3901" testName="SpocR.Tests.StringExtensionsTests.FirstCharToLower_Works(input: null, expected: null)" computerName="DESK-7SCHMIEDE" duration="00:00:00.0002467" startTime="2025-10-03T00:11:19.7305876+02:00" endTime="2025-10-03T00:11:19.7305877+02:00" testType="13cdc9d9-ddb5-4fa4-a97d-d965ccfc6d4b" outcome="Passed" testListId="8c84fa94-04c1-424b-9868-57a2d4851a1d" relativeResultsDirectory="7a204c37-8abc-4e83-8048-98cfe3b5f8b6" />
    <UnitTestResult executionId="82ef93ec-828f-47bc-823b-601c1cd3efc8" testId="54954728-a370-2fc6-bd50-95e902a06483" testName="SpocR.Tests.Versioning.VersionStabilityTests.Build_Twice_ShouldProduceSameAssemblyVersion_WhenNoTagChanges" computerName="DESK-7SCHMIEDE" duration="00:00:03.3882728" startTime="2025-10-03T00:11:23.0059267+02:00" endTime="2025-10-03T00:11:23.0059269+02:00" testType="13cdc9d9-ddb5-4fa4-a97d-d965ccfc6d4b" outcome="Passed" testListId="8c84fa94-04c1-424b-9868-57a2d4851a1d" relativeResultsDirectory="82ef93ec-828f-47bc-823b-601c1cd3efc8" />
    <UnitTestResult executionId="2699d6af-6fa1-4518-98fc-c930f34b2e79" testId="bce5e08c-80aa-c3f9-9d5c-af58be410bf8" testName="SpocR.Tests.Cli.TestCommandSummaryTests.CiValidate_Should_Write_TestSummaryJson" computerName="DESK-7SCHMIEDE" duration="00:00:02.2870164" startTime="2025-10-03T00:11:21.9045932+02:00" endTime="2025-10-03T00:11:21.9045939+02:00" testType="13cdc9d9-ddb5-4fa4-a97d-d965ccfc6d4b" outcome="Passed" testListId="8c84fa94-04c1-424b-9868-57a2d4851a1d" relativeResultsDirectory="2699d6af-6fa1-4518-98fc-c930f34b2e79" />
    <UnitTestResult executionId="0f595618-c481-4bfa-90b4-09d7cd74a215" testId="034bf007-b288-10be-0bb1-798f8e8bdfc4" testName="SpocR.Tests.StringExtensionsTests.ToPascalCase_Works(input: &quot;123abc&quot;, expected: &quot;_123abc&quot;)" computerName="DESK-7SCHMIEDE" duration="00:00:00.0000109" startTime="2025-10-03T00:11:19.7612445+02:00" endTime="2025-10-03T00:11:19.7612445+02:00" testType="13cdc9d9-ddb5-4fa4-a97d-d965ccfc6d4b" outcome="Passed" testListId="8c84fa94-04c1-424b-9868-57a2d4851a1d" relativeResultsDirectory="0f595618-c481-4bfa-90b4-09d7cd74a215" />
  </Results>
  <TestDefinitions>
    <UnitTest name="SpocR.Tests.VersionExtensionsTests.Equals_Should_Ignore_Revision_Component" storage="c:\projekte\github\spocr\tests\spocr.tests\bin\debug\net8.0\spocr.tests.dll" id="e3aa0ee9-6730-bf36-0222-ab1b02e46361">
      <Execution id="a0725586-eba6-466f-bc3a-38e47fdb9865" />
      <TestMethod codeBase="C:\Projekte\GitHub\spocr\tests\SpocR.Tests\bin\Debug\net8.0\SpocR.Tests.dll" adapterTypeName="executor://xunit/VsTestRunner2/netcoreapp" className="SpocR.Tests.VersionExtensionsTests" name="Equals_Should_Ignore_Revision_Component" />
    </UnitTest>
    <UnitTest name="SpocR.Tests.VersionExtensionsTests.IsGreaterThan_Should_Return_True_When_Left_Is_Newer" storage="c:\projekte\github\spocr\tests\spocr.tests\bin\debug\net8.0\spocr.tests.dll" id="38992816-a4da-79c1-189c-6cd4c6b8bdcd">
      <Execution id="efbaa292-4348-482c-a555-429d3b2345c7" />
      <TestMethod codeBase="C:\Projekte\GitHub\spocr\tests\SpocR.Tests\bin\Debug\net8.0\SpocR.Tests.dll" adapterTypeName="executor://xunit/VsTestRunner2/netcoreapp" className="SpocR.Tests.VersionExtensionsTests" name="IsGreaterThan_Should_Return_True_When_Left_Is_Newer" />
    </UnitTest>
    <UnitTest name="SpocR.Tests.StringExtensionsTests.ToPascalCase_Works(input: &quot;some_value&quot;, expected: &quot;Some_value&quot;)" storage="c:\projekte\github\spocr\tests\spocr.tests\bin\debug\net8.0\spocr.tests.dll" id="347e9a03-6c13-e296-4872-52cbb9dcbb74">
      <Execution id="84f8cbb3-0dd2-495b-94f4-5e1e423900d0" />
      <TestMethod codeBase="C:\Projekte\GitHub\spocr\tests\SpocR.Tests\bin\Debug\net8.0\SpocR.Tests.dll" adapterTypeName="executor://xunit/VsTestRunner2/netcoreapp" className="SpocR.Tests.StringExtensionsTests" name="ToPascalCase_Works" />
    </UnitTest>
    <UnitTest name="SpocR.Tests.StringExtensionsTests.FirstCharToUpper_Works(input: null, expected: null)" storage="c:\projekte\github\spocr\tests\spocr.tests\bin\debug\net8.0\spocr.tests.dll" id="d94e479d-001b-7717-6f5c-4b11866b72b6">
      <Execution id="2b7e1e27-e0dc-4022-9b8f-804ea97fb863" />
      <TestMethod codeBase="C:\Projekte\GitHub\spocr\tests\SpocR.Tests\bin\Debug\net8.0\SpocR.Tests.dll" adapterTypeName="executor://xunit/VsTestRunner2/netcoreapp" className="SpocR.Tests.StringExtensionsTests" name="FirstCharToUpper_Works" />
    </UnitTest>
    <UnitTest name="SpocR.Tests.StringExtensionsTests.ToPascalCase_Works(input: &quot;__alreadyPascal&quot;, expected: &quot;__alreadyPascal&quot;)" storage="c:\projekte\github\spocr\tests\spocr.tests\bin\debug\net8.0\spocr.tests.dll" id="310e8daf-6800-8447-f0dd-a7ed6644b293">
      <Execution id="e38e4f14-1fab-4bb8-8327-35d45437f24d" />
      <TestMethod codeBase="C:\Projekte\GitHub\spocr\tests\SpocR.Tests\bin\Debug\net8.0\SpocR.Tests.dll" adapterTypeName="executor://xunit/VsTestRunner2/netcoreapp" className="SpocR.Tests.StringExtensionsTests" name="ToPascalCase_Works" />
    </UnitTest>
    <UnitTest name="SpocR.Tests.StringExtensionsTests.ToPascalCase_Works(input: &quot;spocr generate command&quot;, expected: &quot;SpocrGenerateCommand&quot;)" storage="c:\projekte\github\spocr\tests\spocr.tests\bin\debug\net8.0\spocr.tests.dll" id="6f946c3a-cd9f-bdc9-5d4f-fd9db36e92b9">
      <Execution id="15b0ec09-4a10-47e6-9570-641ee3f9f66d" />
      <TestMethod codeBase="C:\Projekte\GitHub\spocr\tests\SpocR.Tests\bin\Debug\net8.0\SpocR.Tests.dll" adapterTypeName="executor://xunit/VsTestRunner2/netcoreapp" className="SpocR.Tests.StringExtensionsTests" name="ToPascalCase_Works" />
    </UnitTest>
    <UnitTest name="SpocR.Tests.VersionExtensionsTests.Compare_Should_Work_On_First_3_Parts(left: &quot;1.0.1&quot;, right: &quot;1.0.0&quot;, expectedSign: 1)" storage="c:\projekte\github\spocr\tests\spocr.tests\bin\debug\net8.0\spocr.tests.dll" id="c1860705-250b-4bcb-22f9-8a9fa1595795">
      <Execution id="6258a715-5f6e-4230-b481-9225ee9237be" />
      <TestMethod codeBase="C:\Projekte\GitHub\spocr\tests\SpocR.Tests\bin\Debug\net8.0\SpocR.Tests.dll" adapterTypeName="executor://xunit/VsTestRunner2/netcoreapp" className="SpocR.Tests.VersionExtensionsTests" name="Compare_Should_Work_On_First_3_Parts" />
    </UnitTest>
    <UnitTest name="SpocR.Tests.StringExtensionsTests.FirstCharToLower_Works(input: &quot;&quot;, expected: &quot;&quot;)" storage="c:\projekte\github\spocr\tests\spocr.tests\bin\debug\net8.0\spocr.tests.dll" id="741d020c-c31b-806a-ce4f-1548f55446bb">
      <Execution id="8919bd66-fafe-41f9-8c87-c2c73e1152e1" />
      <TestMethod codeBase="C:\Projekte\GitHub\spocr\tests\SpocR.Tests\bin\Debug\net8.0\SpocR.Tests.dll" adapterTypeName="executor://xunit/VsTestRunner2/netcoreapp" className="SpocR.Tests.StringExtensionsTests" name="FirstCharToLower_Works" />
    </UnitTest>
    <UnitTest name="SpocR.Tests.StringExtensionsTests.ToPascalCase_Works(input: &quot;123abc&quot;, expected: &quot;_123abc&quot;)" storage="c:\projekte\github\spocr\tests\spocr.tests\bin\debug\net8.0\spocr.tests.dll" id="034bf007-b288-10be-0bb1-798f8e8bdfc4">
      <Execution id="0f595618-c481-4bfa-90b4-09d7cd74a215" />
      <TestMethod codeBase="C:\Projekte\GitHub\spocr\tests\SpocR.Tests\bin\Debug\net8.0\SpocR.Tests.dll" adapterTypeName="executor://xunit/VsTestRunner2/netcoreapp" className="SpocR.Tests.StringExtensionsTests" name="ToPascalCase_Works" />
    </UnitTest>
    <UnitTest name="SpocR.Tests.StringExtensionsTests.FirstCharToUpper_Works(input: &quot;hello&quot;, expected: &quot;Hello&quot;)" storage="c:\projekte\github\spocr\tests\spocr.tests\bin\debug\net8.0\spocr.tests.dll" id="d01739d1-da3f-f340-3fd7-260183f09c5f">
      <Execution id="c32d6288-2ec4-41f6-8b61-d0741b3b4452" />
      <TestMethod codeBase="C:\Projekte\GitHub\spocr\tests\SpocR.Tests\bin\Debug\net8.0\SpocR.Tests.dll" adapterTypeName="executor://xunit/VsTestRunner2/netcoreapp" className="SpocR.Tests.StringExtensionsTests" name="FirstCharToUpper_Works" />
    </UnitTest>
    <UnitTest name="SpocR.Tests.StringExtensionsTests.FirstCharToLower_Works(input: null, expected: null)" storage="c:\projekte\github\spocr\tests\spocr.tests\bin\debug\net8.0\spocr.tests.dll" id="c3303335-e9b9-2bdf-9a52-a451f00a3901">
      <Execution id="7a204c37-8abc-4e83-8048-98cfe3b5f8b6" />
      <TestMethod codeBase="C:\Projekte\GitHub\spocr\tests\SpocR.Tests\bin\Debug\net8.0\SpocR.Tests.dll" adapterTypeName="executor://xunit/VsTestRunner2/netcoreapp" className="SpocR.Tests.StringExtensionsTests" name="FirstCharToLower_Works" />
    </UnitTest>
    <UnitTest name="SpocR.Tests.Cli.TestCommandSummaryTests.CiValidate_Should_Write_TestSummaryJson" storage="c:\projekte\github\spocr\tests\spocr.tests\bin\debug\net8.0\spocr.tests.dll" id="bce5e08c-80aa-c3f9-9d5c-af58be410bf8">
      <Execution id="2699d6af-6fa1-4518-98fc-c930f34b2e79" />
      <TestMethod codeBase="C:\Projekte\GitHub\spocr\tests\SpocR.Tests\bin\Debug\net8.0\SpocR.Tests.dll" adapterTypeName="executor://xunit/VsTestRunner2/netcoreapp" className="SpocR.Tests.Cli.TestCommandSummaryTests" name="CiValidate_Should_Write_TestSummaryJson" />
    </UnitTest>
    <UnitTest name="SpocR.Tests.VersionExtensionsTests.Compare_Should_Work_On_First_3_Parts(left: &quot;2.0.0&quot;, right: &quot;2.1.0&quot;, expectedSign: -1)" storage="c:\projekte\github\spocr\tests\spocr.tests\bin\debug\net8.0\spocr.tests.dll" id="0a537ab3-50c1-bb83-ed67-36394be1380a">
      <Execution id="ce1be34f-f8d3-4c04-9086-b212e3f827f7" />
      <TestMethod codeBase="C:\Projekte\GitHub\spocr\tests\SpocR.Tests\bin\Debug\net8.0\SpocR.Tests.dll" adapterTypeName="executor://xunit/VsTestRunner2/netcoreapp" className="SpocR.Tests.VersionExtensionsTests" name="Compare_Should_Work_On_First_3_Parts" />
    </UnitTest>
    <UnitTest name="SpocR.Tests.Infrastructure.ExitCodesTests.ExitCodeValues_ShouldMatchDocumentation" storage="c:\projekte\github\spocr\tests\spocr.tests\bin\debug\net8.0\spocr.tests.dll" id="d984a9d8-4d15-77b7-1f2e-e6922822fcba">
      <Execution id="529c74a3-0fbd-45e1-8556-29ecf071f892" />
      <TestMethod codeBase="C:\Projekte\GitHub\spocr\tests\SpocR.Tests\bin\Debug\net8.0\SpocR.Tests.dll" adapterTypeName="executor://xunit/VsTestRunner2/netcoreapp" className="SpocR.Tests.Infrastructure.ExitCodesTests" name="ExitCodeValues_ShouldMatchDocumentation" />
    </UnitTest>
    <UnitTest name="SpocR.Tests.VersionExtensionsTests.Compare_Should_Work_On_First_3_Parts(left: &quot;1.0.0&quot;, right: &quot;1.0.0&quot;, expectedSign: 0)" storage="c:\projekte\github\spocr\tests\spocr.tests\bin\debug\net8.0\spocr.tests.dll" id="6ff7ce97-82ec-9d57-2721-3d2ed40727fd">
      <Execution id="0341ddef-7c9e-4999-aedb-f7e27a54b77f" />
      <TestMethod codeBase="C:\Projekte\GitHub\spocr\tests\SpocR.Tests\bin\Debug\net8.0\SpocR.Tests.dll" adapterTypeName="executor://xunit/VsTestRunner2/netcoreapp" className="SpocR.Tests.VersionExtensionsTests" name="Compare_Should_Work_On_First_3_Parts" />
    </UnitTest>
    <UnitTest name="SpocR.Tests.StringExtensionsTests.FirstCharToLower_Works(input: &quot;Hello&quot;, expected: &quot;hello&quot;)" storage="c:\projekte\github\spocr\tests\spocr.tests\bin\debug\net8.0\spocr.tests.dll" id="96d7284f-a258-6469-fe84-23f745e83c59">
      <Execution id="3e98e988-2b8d-4d34-89fb-d1fbb46ca3b7" />
      <TestMethod codeBase="C:\Projekte\GitHub\spocr\tests\SpocR.Tests\bin\Debug\net8.0\SpocR.Tests.dll" adapterTypeName="executor://xunit/VsTestRunner2/netcoreapp" className="SpocR.Tests.StringExtensionsTests" name="FirstCharToLower_Works" />
    </UnitTest>
    <UnitTest name="SpocR.Tests.Infrastructure.ExitCodesTests.ExitCodes_ShouldBeUnique" storage="c:\projekte\github\spocr\tests\spocr.tests\bin\debug\net8.0\spocr.tests.dll" id="bf29d584-1ae5-c60a-f1ae-c468ec714b7c">
      <Execution id="ae4f7e35-c850-4e2b-8093-12b5ff39cf35" />
      <TestMethod codeBase="C:\Projekte\GitHub\spocr\tests\SpocR.Tests\bin\Debug\net8.0\SpocR.Tests.dll" adapterTypeName="executor://xunit/VsTestRunner2/netcoreapp" className="SpocR.Tests.Infrastructure.ExitCodesTests" name="ExitCodes_ShouldBeUnique" />
    </UnitTest>
    <UnitTest name="SpocR.Tests.Versioning.VersionStabilityTests.Build_Twice_ShouldProduceSameAssemblyVersion_WhenNoTagChanges" storage="c:\projekte\github\spocr\tests\spocr.tests\bin\debug\net8.0\spocr.tests.dll" id="54954728-a370-2fc6-bd50-95e902a06483">
      <Execution id="82ef93ec-828f-47bc-823b-601c1cd3efc8" />
      <TestMethod codeBase="C:\Projekte\GitHub\spocr\tests\SpocR.Tests\bin\Debug\net8.0\SpocR.Tests.dll" adapterTypeName="executor://xunit/VsTestRunner2/netcoreapp" className="SpocR.Tests.Versioning.VersionStabilityTests" name="Build_Twice_ShouldProduceSameAssemblyVersion_WhenNoTagChanges" />
    </UnitTest>
    <UnitTest name="SpocR.Tests.StringExtensionsTests.ToPascalCase_Works(input: &quot;some.value&quot;, expected: &quot;SomeValue&quot;)" storage="c:\projekte\github\spocr\tests\spocr.tests\bin\debug\net8.0\spocr.tests.dll" id="585630cb-93ee-5c59-44f3-95d4af8b4c84">
      <Execution id="a9e256db-0a86-402e-b65f-4a09c1466522" />
      <TestMethod codeBase="C:\Projekte\GitHub\spocr\tests\SpocR.Tests\bin\Debug\net8.0\SpocR.Tests.dll" adapterTypeName="executor://xunit/VsTestRunner2/netcoreapp" className="SpocR.Tests.StringExtensionsTests" name="ToPascalCase_Works" />
    </UnitTest>
    <UnitTest name="SpocR.Tests.StringExtensionsTests.ToPascalCase_Works(input: &quot;some value&quot;, expected: &quot;SomeValue&quot;)" storage="c:\projekte\github\spocr\tests\spocr.tests\bin\debug\net8.0\spocr.tests.dll" id="0c1a16a0-15bb-cde6-db05-26655ef45400">
      <Execution id="239ed174-efbe-4249-9dec-b18b6b19e5bb" />
      <TestMethod codeBase="C:\Projekte\GitHub\spocr\tests\SpocR.Tests\bin\Debug\net8.0\SpocR.Tests.dll" adapterTypeName="executor://xunit/VsTestRunner2/netcoreapp" className="SpocR.Tests.StringExtensionsTests" name="ToPascalCase_Works" />
    </UnitTest>
    <UnitTest name="SpocR.Tests.StringExtensionsTests.FirstCharToUpper_Works(input: &quot;&quot;, expected: &quot;&quot;)" storage="c:\projekte\github\spocr\tests\spocr.tests\bin\debug\net8.0\spocr.tests.dll" id="f8c4ca11-fdc9-9b5e-b388-b947abdf0895">
      <Execution id="94f3b404-e953-40d8-b058-dcf3df5ff675" />
      <TestMethod codeBase="C:\Projekte\GitHub\spocr\tests\SpocR.Tests\bin\Debug\net8.0\SpocR.Tests.dll" adapterTypeName="executor://xunit/VsTestRunner2/netcoreapp" className="SpocR.Tests.StringExtensionsTests" name="FirstCharToUpper_Works" />
    </UnitTest>
    <UnitTest name="SpocR.Tests.VersionExtensionsTests.Compare_Should_Work_On_First_3_Parts(left: &quot;1.1.0&quot;, right: &quot;1.0.5&quot;, expectedSign: 1)" storage="c:\projekte\github\spocr\tests\spocr.tests\bin\debug\net8.0\spocr.tests.dll" id="02151e30-cc29-1a21-1995-10f118b01452">
      <Execution id="ed21f5a9-be0d-4e10-82d4-30dc1ce0c3cc" />
      <TestMethod codeBase="C:\Projekte\GitHub\spocr\tests\SpocR.Tests\bin\Debug\net8.0\SpocR.Tests.dll" adapterTypeName="executor://xunit/VsTestRunner2/netcoreapp" className="SpocR.Tests.VersionExtensionsTests" name="Compare_Should_Work_On_First_3_Parts" />
    </UnitTest>
    <UnitTest name="SpocR.Tests.StringExtensionsTests.ToPascalCase_Works(input: &quot;some-value&quot;, expected: &quot;SomeValue&quot;)" storage="c:\projekte\github\spocr\tests\spocr.tests\bin\debug\net8.0\spocr.tests.dll" id="5c25d2cc-5157-afc8-ab5a-19a123d5195c">
      <Execution id="3afc31c5-3290-4355-8895-190a0d1a84fa" />
      <TestMethod codeBase="C:\Projekte\GitHub\spocr\tests\SpocR.Tests\bin\Debug\net8.0\SpocR.Tests.dll" adapterTypeName="executor://xunit/VsTestRunner2/netcoreapp" className="SpocR.Tests.StringExtensionsTests" name="ToPascalCase_Works" />
    </UnitTest>
    <UnitTest name="SpocR.Tests.SimpleTest.SimpleAssertion_ShouldWork" storage="c:\projekte\github\spocr\tests\spocr.tests\bin\debug\net8.0\spocr.tests.dll" id="cb93ea7e-796d-a9f4-34ed-0e9281c8ada5">
      <Execution id="c3ec2977-4f80-4047-9bd8-7e097c5079df" />
      <TestMethod codeBase="C:\Projekte\GitHub\spocr\tests\SpocR.Tests\bin\Debug\net8.0\SpocR.Tests.dll" adapterTypeName="executor://xunit/VsTestRunner2/netcoreapp" className="SpocR.Tests.SimpleTest" name="SimpleAssertion_ShouldWork" />
    </UnitTest>
    <UnitTest name="SpocR.Tests.VersionExtensionsTests.IsLessThan_Should_Return_True_When_Left_Is_Older" storage="c:\projekte\github\spocr\tests\spocr.tests\bin\debug\net8.0\spocr.tests.dll" id="dc598568-b1c1-2304-3b1d-469135cc2239">
      <Execution id="678dcb84-e8ec-46c2-85a6-a3cbf3fa0871" />
      <TestMethod codeBase="C:\Projekte\GitHub\spocr\tests\SpocR.Tests\bin\Debug\net8.0\SpocR.Tests.dll" adapterTypeName="executor://xunit/VsTestRunner2/netcoreapp" className="SpocR.Tests.VersionExtensionsTests" name="IsLessThan_Should_Return_True_When_Left_Is_Older" />
    </UnitTest>
  </TestDefinitions>
  <TestEntries>
    <TestEntry testId="310e8daf-6800-8447-f0dd-a7ed6644b293" executionId="e38e4f14-1fab-4bb8-8327-35d45437f24d" testListId="8c84fa94-04c1-424b-9868-57a2d4851a1d" />
    <TestEntry testId="585630cb-93ee-5c59-44f3-95d4af8b4c84" executionId="a9e256db-0a86-402e-b65f-4a09c1466522" testListId="8c84fa94-04c1-424b-9868-57a2d4851a1d" />
    <TestEntry testId="0c1a16a0-15bb-cde6-db05-26655ef45400" executionId="239ed174-efbe-4249-9dec-b18b6b19e5bb" testListId="8c84fa94-04c1-424b-9868-57a2d4851a1d" />
    <TestEntry testId="6f946c3a-cd9f-bdc9-5d4f-fd9db36e92b9" executionId="15b0ec09-4a10-47e6-9570-641ee3f9f66d" testListId="8c84fa94-04c1-424b-9868-57a2d4851a1d" />
    <TestEntry testId="d984a9d8-4d15-77b7-1f2e-e6922822fcba" executionId="529c74a3-0fbd-45e1-8556-29ecf071f892" testListId="8c84fa94-04c1-424b-9868-57a2d4851a1d" />
    <TestEntry testId="e3aa0ee9-6730-bf36-0222-ab1b02e46361" executionId="a0725586-eba6-466f-bc3a-38e47fdb9865" testListId="8c84fa94-04c1-424b-9868-57a2d4851a1d" />
    <TestEntry testId="cb93ea7e-796d-a9f4-34ed-0e9281c8ada5" executionId="c3ec2977-4f80-4047-9bd8-7e097c5079df" testListId="8c84fa94-04c1-424b-9868-57a2d4851a1d" />
    <TestEntry testId="c1860705-250b-4bcb-22f9-8a9fa1595795" executionId="6258a715-5f6e-4230-b481-9225ee9237be" testListId="8c84fa94-04c1-424b-9868-57a2d4851a1d" />
    <TestEntry testId="0a537ab3-50c1-bb83-ed67-36394be1380a" executionId="ce1be34f-f8d3-4c04-9086-b212e3f827f7" testListId="8c84fa94-04c1-424b-9868-57a2d4851a1d" />
    <TestEntry testId="6ff7ce97-82ec-9d57-2721-3d2ed40727fd" executionId="0341ddef-7c9e-4999-aedb-f7e27a54b77f" testListId="8c84fa94-04c1-424b-9868-57a2d4851a1d" />
    <TestEntry testId="d01739d1-da3f-f340-3fd7-260183f09c5f" executionId="c32d6288-2ec4-41f6-8b61-d0741b3b4452" testListId="8c84fa94-04c1-424b-9868-57a2d4851a1d" />
    <TestEntry testId="f8c4ca11-fdc9-9b5e-b388-b947abdf0895" executionId="94f3b404-e953-40d8-b058-dcf3df5ff675" testListId="8c84fa94-04c1-424b-9868-57a2d4851a1d" />
    <TestEntry testId="dc598568-b1c1-2304-3b1d-469135cc2239" executionId="678dcb84-e8ec-46c2-85a6-a3cbf3fa0871" testListId="8c84fa94-04c1-424b-9868-57a2d4851a1d" />
    <TestEntry testId="38992816-a4da-79c1-189c-6cd4c6b8bdcd" executionId="efbaa292-4348-482c-a555-429d3b2345c7" testListId="8c84fa94-04c1-424b-9868-57a2d4851a1d" />
    <TestEntry testId="741d020c-c31b-806a-ce4f-1548f55446bb" executionId="8919bd66-fafe-41f9-8c87-c2c73e1152e1" testListId="8c84fa94-04c1-424b-9868-57a2d4851a1d" />
    <TestEntry testId="d94e479d-001b-7717-6f5c-4b11866b72b6" executionId="2b7e1e27-e0dc-4022-9b8f-804ea97fb863" testListId="8c84fa94-04c1-424b-9868-57a2d4851a1d" />
    <TestEntry testId="bf29d584-1ae5-c60a-f1ae-c468ec714b7c" executionId="ae4f7e35-c850-4e2b-8093-12b5ff39cf35" testListId="8c84fa94-04c1-424b-9868-57a2d4851a1d" />
    <TestEntry testId="02151e30-cc29-1a21-1995-10f118b01452" executionId="ed21f5a9-be0d-4e10-82d4-30dc1ce0c3cc" testListId="8c84fa94-04c1-424b-9868-57a2d4851a1d" />
    <TestEntry testId="96d7284f-a258-6469-fe84-23f745e83c59" executionId="3e98e988-2b8d-4d34-89fb-d1fbb46ca3b7" testListId="8c84fa94-04c1-424b-9868-57a2d4851a1d" />
    <TestEntry testId="347e9a03-6c13-e296-4872-52cbb9dcbb74" executionId="84f8cbb3-0dd2-495b-94f4-5e1e423900d0" testListId="8c84fa94-04c1-424b-9868-57a2d4851a1d" />
    <TestEntry testId="5c25d2cc-5157-afc8-ab5a-19a123d5195c" executionId="3afc31c5-3290-4355-8895-190a0d1a84fa" testListId="8c84fa94-04c1-424b-9868-57a2d4851a1d" />
    <TestEntry testId="c3303335-e9b9-2bdf-9a52-a451f00a3901" executionId="7a204c37-8abc-4e83-8048-98cfe3b5f8b6" testListId="8c84fa94-04c1-424b-9868-57a2d4851a1d" />
    <TestEntry testId="54954728-a370-2fc6-bd50-95e902a06483" executionId="82ef93ec-828f-47bc-823b-601c1cd3efc8" testListId="8c84fa94-04c1-424b-9868-57a2d4851a1d" />
    <TestEntry testId="bce5e08c-80aa-c3f9-9d5c-af58be410bf8" executionId="2699d6af-6fa1-4518-98fc-c930f34b2e79" testListId="8c84fa94-04c1-424b-9868-57a2d4851a1d" />
    <TestEntry testId="034bf007-b288-10be-0bb1-798f8e8bdfc4" executionId="0f595618-c481-4bfa-90b4-09d7cd74a215" testListId="8c84fa94-04c1-424b-9868-57a2d4851a1d" />
  </TestEntries>
  <TestLists>
    <TestList name="Ergebnisse nicht in einer Liste" id="8c84fa94-04c1-424b-9868-57a2d4851a1d" />
    <TestList name="Alle geladenen Ergebnisse" id="19431567-8539-422a-85d7-44ee4e166bda" />
  </TestLists>
  <ResultSummary outcome="Completed">
    <Counters total="25" executed="25" passed="25" failed="0" error="0" timeout="0" aborted="0" inconclusive="0" passedButRunAborted="0" notRunnable="0" notExecuted="0" disconnected="0" warning="0" completed="0" inProgress="0" pending="0" />
    <Output>
      <StdOut>[xUnit.net 00:00:00.00] xUnit.net VSTest Adapter v2.8.2+699d445a1a (64-bit .NET 8.0.20)&#xD;
[xUnit.net 00:00:00.05]   Discovering: SpocR.Tests&#xD;
[xUnit.net 00:00:00.09]   Discovered:  SpocR.Tests&#xD;
[xUnit.net 00:00:00.10]   Starting:    SpocR.Tests&#xD;
[xUnit.net 00:00:03.52]   Finished:    SpocR.Tests&#xD;
</StdOut>
    </Output>
  </ResultSummary>
</TestRun>