<?xml version="1.0" encoding="utf-8"?>
<TestRun id="724a570c-1d35-4e28-a1e2-497711dd980e" name="sgies@WOODY 2025-10-07 13:10:16" runUser="WOODY\sgies" xmlns="http://microsoft.com/schemas/VisualStudio/TeamTest/2010">
  <Times creation="2025-10-07T13:10:16.8870755+02:00" queuing="2025-10-07T13:10:16.8870756+02:00" start="2025-10-07T13:10:16.2684091+02:00" finish="2025-10-07T13:10:16.8908203+02:00" />
  <TestSettings name="default" id="affb2faf-3670-4dcc-ba52-116bea07ce7a">
    <Deployment runDeploymentRoot="sgies_WOODY_2025-10-07_13_10_16" />
  </TestSettings>
  <Results>
    <UnitTestResult executionId="815df53f-4465-4a00-90de-1e922ef91fdd" testId="4719c5d1-5cda-e723-e816-20b087c4441e" testName="SpocR.IntegrationTests.JsonRuntimeDeserializationTests.Deserialize_Array_With_Whitespace_Should_Work" computerName="WOODY" duration="00:00:00.0046468" startTime="2025-10-07T13:10:16.8069897+02:00" endTime="2025-10-07T13:10:16.8106070+02:00" testType="13cdc9d9-ddb5-4fa4-a97d-d965ccfc6d4b" outcome="Passed" testListId="8c84fa94-04c1-424b-9868-57a2d4851a1d" relativeResultsDirectory="815df53f-4465-4a00-90de-1e922ef91fdd" />
    <UnitTestResult executionId="c866b043-9be4-4a56-aaed-eb20451e1c6b" testId="78b7896a-0cab-7ef5-01c9-46059bb1b63d" testName="SpocR.IntegrationTests.JsonRuntimeDeserializationTests.Deserialize_Malformed_Json_Should_Throw" computerName="WOODY" duration="00:00:00.0072182" startTime="2025-10-07T13:10:16.7998117+02:00" endTime="2025-10-07T13:10:16.8058913+02:00" testType="13cdc9d9-ddb5-4fa4-a97d-d965ccfc6d4b" outcome="Passed" testListId="8c84fa94-04c1-424b-9868-57a2d4851a1d" relativeResultsDirectory="c866b043-9be4-4a56-aaed-eb20451e1c6b" />
    <UnitTestResult executionId="882f0104-de30-4c33-a9d8-7de94dacb438" testId="b45d2a80-7870-e69b-03cc-237c69d7fff8" testName="SpocR.IntegrationTests.JsonRuntimeDeserializationTests.Deserialize_Single_Model_Should_Work" computerName="WOODY" duration="00:00:00.0043740" startTime="2025-10-07T13:10:16.8116882+02:00" endTime="2025-10-07T13:10:16.8150380+02:00" testType="13cdc9d9-ddb5-4fa4-a97d-d965ccfc6d4b" outcome="Passed" testListId="8c84fa94-04c1-424b-9868-57a2d4851a1d" relativeResultsDirectory="882f0104-de30-4c33-a9d8-7de94dacb438" />
    <UnitTestResult executionId="21c5801d-9491-462e-b572-017307cd6566" testId="300add75-1560-0ba5-c707-21357f29fd43" testName="SpocR.IntegrationTests.BasicIntegrationTests.SpocRValidator_ShouldValidateEmptyCode" computerName="WOODY" duration="00:00:00.0020905" startTime="2025-10-07T13:10:16.7835199+02:00" endTime="2025-10-07T13:10:16.7840070+02:00" testType="13cdc9d9-ddb5-4fa4-a97d-d965ccfc6d4b" outcome="Passed" testListId="8c84fa94-04c1-424b-9868-57a2d4851a1d" relativeResultsDirectory="21c5801d-9491-462e-b572-017307cd6566" />
    <UnitTestResult executionId="8ee90947-cc6d-4e9c-adbe-3347c6cb2638" testId="03331275-8fc0-50ae-1a02-b9ab6a4c0b6f" testName="SpocR.IntegrationTests.JsonRuntimeDeserializationTests.Deserialize_Single_NoArrayWrapper_Should_Work" computerName="WOODY" duration="00:00:00.0000489" startTime="2025-10-07T13:10:16.8176909+02:00" endTime="2025-10-07T13:10:16.8177187+02:00" testType="13cdc9d9-ddb5-4fa4-a97d-d965ccfc6d4b" outcome="Passed" testListId="8c84fa94-04c1-424b-9868-57a2d4851a1d" relativeResultsDirectory="8ee90947-cc6d-4e9c-adbe-3347c6cb2638" />
    <UnitTestResult executionId="36fc86b6-dc22-46fa-a03a-555ab037e8ca" testId="84bbebf8-8dae-b3f5-c10c-5d4545c6ca1e" testName="SpocR.IntegrationTests.JsonRuntimeDeserializationTests.Deserialize_List_Empty_Array_Should_Return_Empty_List" computerName="WOODY" duration="00:00:00.0000500" startTime="2025-10-07T13:10:16.8168827+02:00" endTime="2025-10-07T13:10:16.8169102+02:00" testType="13cdc9d9-ddb5-4fa4-a97d-d965ccfc6d4b" outcome="Passed" testListId="8c84fa94-04c1-424b-9868-57a2d4851a1d" relativeResultsDirectory="36fc86b6-dc22-46fa-a03a-555ab037e8ca" />
    <UnitTestResult executionId="9da000a9-fe8b-4bca-a2d5-f5b2babcc82a" testId="1887d3c5-53f4-da0b-ee84-9df2397a5555" testName="SpocR.IntegrationTests.JsonRuntimeDeserializationTests.Deserialize_List_Model_Should_Work" computerName="WOODY" duration="00:00:00.0001298" startTime="2025-10-07T13:10:16.8159835+02:00" endTime="2025-10-07T13:10:16.8160137+02:00" testType="13cdc9d9-ddb5-4fa4-a97d-d965ccfc6d4b" outcome="Passed" testListId="8c84fa94-04c1-424b-9868-57a2d4851a1d" relativeResultsDirectory="9da000a9-fe8b-4bca-a2d5-f5b2babcc82a" />
    <UnitTestResult executionId="9539e394-8614-4836-adbd-1e198679840c" testId="2bbb4219-2c53-df70-c7c4-ea3dd7075300" testName="SpocR.IntegrationTests.JsonRuntimeDeserializationTests.Deserialize_List_Null_Fallback_Should_Return_Empty_List" computerName="WOODY" duration="00:00:00.0304743" startTime="2025-10-07T13:10:16.7828510+02:00" endTime="2025-10-07T13:10:16.7985951+02:00" testType="13cdc9d9-ddb5-4fa4-a97d-d965ccfc6d4b" outcome="Passed" testListId="8c84fa94-04c1-424b-9868-57a2d4851a1d" relativeResultsDirectory="9539e394-8614-4836-adbd-1e198679840c" />
    <UnitTestResult executionId="f2076895-144b-4502-8ca6-d837a68d78bc" testId="e8973904-7ace-89f5-997f-b5367a9c7f42" testName="SpocR.IntegrationTests.BasicIntegrationTests.TestFramework_ShouldBeAvailable" computerName="WOODY" duration="00:00:00.0006276" startTime="2025-10-07T13:10:16.7949936+02:00" endTime="2025-10-07T13:10:16.7950496+02:00" testType="13cdc9d9-ddb5-4fa4-a97d-d965ccfc6d4b" outcome="Passed" testListId="8c84fa94-04c1-424b-9868-57a2d4851a1d" relativeResultsDirectory="f2076895-144b-4502-8ca6-d837a68d78bc" />
  </Results>
  <TestDefinitions>
    <UnitTest name="SpocR.IntegrationTests.JsonRuntimeDeserializationTests.Deserialize_Malformed_Json_Should_Throw" storage="c:\projekte\github\spocr\tests\spocr.integrationtests\bin\release\net8.0\spocr.integrationtests.dll" id="78b7896a-0cab-7ef5-01c9-46059bb1b63d">
      <Execution id="c866b043-9be4-4a56-aaed-eb20451e1c6b" />
      <TestMethod codeBase="C:\Projekte\GitHub\spocr\tests\SpocR.IntegrationTests\bin\Release\net8.0\SpocR.IntegrationTests.dll" adapterTypeName="executor://xunit/VsTestRunner3/netcore/" className="SpocR.IntegrationTests.JsonRuntimeDeserializationTests" name="Deserialize_Malformed_Json_Should_Throw" />
    </UnitTest>
    <UnitTest name="SpocR.IntegrationTests.JsonRuntimeDeserializationTests.Deserialize_Array_With_Whitespace_Should_Work" storage="c:\projekte\github\spocr\tests\spocr.integrationtests\bin\release\net8.0\spocr.integrationtests.dll" id="4719c5d1-5cda-e723-e816-20b087c4441e">
      <Execution id="815df53f-4465-4a00-90de-1e922ef91fdd" />
      <TestMethod codeBase="C:\Projekte\GitHub\spocr\tests\SpocR.IntegrationTests\bin\Release\net8.0\SpocR.IntegrationTests.dll" adapterTypeName="executor://xunit/VsTestRunner3/netcore/" className="SpocR.IntegrationTests.JsonRuntimeDeserializationTests" name="Deserialize_Array_With_Whitespace_Should_Work" />
    </UnitTest>
    <UnitTest name="SpocR.IntegrationTests.JsonRuntimeDeserializationTests.Deserialize_Single_Model_Should_Work" storage="c:\projekte\github\spocr\tests\spocr.integrationtests\bin\release\net8.0\spocr.integrationtests.dll" id="b45d2a80-7870-e69b-03cc-237c69d7fff8">
      <Execution id="882f0104-de30-4c33-a9d8-7de94dacb438" />
      <TestMethod codeBase="C:\Projekte\GitHub\spocr\tests\SpocR.IntegrationTests\bin\Release\net8.0\SpocR.IntegrationTests.dll" adapterTypeName="executor://xunit/VsTestRunner3/netcore/" className="SpocR.IntegrationTests.JsonRuntimeDeserializationTests" name="Deserialize_Single_Model_Should_Work" />
    </UnitTest>
    <UnitTest name="SpocR.IntegrationTests.JsonRuntimeDeserializationTests.Deserialize_Single_NoArrayWrapper_Should_Work" storage="c:\projekte\github\spocr\tests\spocr.integrationtests\bin\release\net8.0\spocr.integrationtests.dll" id="03331275-8fc0-50ae-1a02-b9ab6a4c0b6f">
      <Execution id="8ee90947-cc6d-4e9c-adbe-3347c6cb2638" />
      <TestMethod codeBase="C:\Projekte\GitHub\spocr\tests\SpocR.IntegrationTests\bin\Release\net8.0\SpocR.IntegrationTests.dll" adapterTypeName="executor://xunit/VsTestRunner3/netcore/" className="SpocR.IntegrationTests.JsonRuntimeDeserializationTests" name="Deserialize_Single_NoArrayWrapper_Should_Work" />
    </UnitTest>
    <UnitTest name="SpocR.IntegrationTests.JsonRuntimeDeserializationTests.Deserialize_List_Null_Fallback_Should_Return_Empty_List" storage="c:\projekte\github\spocr\tests\spocr.integrationtests\bin\release\net8.0\spocr.integrationtests.dll" id="2bbb4219-2c53-df70-c7c4-ea3dd7075300">
      <Execution id="9539e394-8614-4836-adbd-1e198679840c" />
      <TestMethod codeBase="C:\Projekte\GitHub\spocr\tests\SpocR.IntegrationTests\bin\Release\net8.0\SpocR.IntegrationTests.dll" adapterTypeName="executor://xunit/VsTestRunner3/netcore/" className="SpocR.IntegrationTests.JsonRuntimeDeserializationTests" name="Deserialize_List_Null_Fallback_Should_Return_Empty_List" />
    </UnitTest>
    <UnitTest name="SpocR.IntegrationTests.BasicIntegrationTests.TestFramework_ShouldBeAvailable" storage="c:\projekte\github\spocr\tests\spocr.integrationtests\bin\release\net8.0\spocr.integrationtests.dll" id="e8973904-7ace-89f5-997f-b5367a9c7f42">
      <Execution id="f2076895-144b-4502-8ca6-d837a68d78bc" />
      <TestMethod codeBase="C:\Projekte\GitHub\spocr\tests\SpocR.IntegrationTests\bin\Release\net8.0\SpocR.IntegrationTests.dll" adapterTypeName="executor://xunit/VsTestRunner3/netcore/" className="SpocR.IntegrationTests.BasicIntegrationTests" name="TestFramework_ShouldBeAvailable" />
    </UnitTest>
    <UnitTest name="SpocR.IntegrationTests.JsonRuntimeDeserializationTests.Deserialize_List_Empty_Array_Should_Return_Empty_List" storage="c:\projekte\github\spocr\tests\spocr.integrationtests\bin\release\net8.0\spocr.integrationtests.dll" id="84bbebf8-8dae-b3f5-c10c-5d4545c6ca1e">
      <Execution id="36fc86b6-dc22-46fa-a03a-555ab037e8ca" />
      <TestMethod codeBase="C:\Projekte\GitHub\spocr\tests\SpocR.IntegrationTests\bin\Release\net8.0\SpocR.IntegrationTests.dll" adapterTypeName="executor://xunit/VsTestRunner3/netcore/" className="SpocR.IntegrationTests.JsonRuntimeDeserializationTests" name="Deserialize_List_Empty_Array_Should_Return_Empty_List" />
    </UnitTest>
    <UnitTest name="SpocR.IntegrationTests.BasicIntegrationTests.SpocRValidator_ShouldValidateEmptyCode" storage="c:\projekte\github\spocr\tests\spocr.integrationtests\bin\release\net8.0\spocr.integrationtests.dll" id="300add75-1560-0ba5-c707-21357f29fd43">
      <Execution id="21c5801d-9491-462e-b572-017307cd6566" />
      <TestMethod codeBase="C:\Projekte\GitHub\spocr\tests\SpocR.IntegrationTests\bin\Release\net8.0\SpocR.IntegrationTests.dll" adapterTypeName="executor://xunit/VsTestRunner3/netcore/" className="SpocR.IntegrationTests.BasicIntegrationTests" name="SpocRValidator_ShouldValidateEmptyCode" />
    </UnitTest>
    <UnitTest name="SpocR.IntegrationTests.JsonRuntimeDeserializationTests.Deserialize_List_Model_Should_Work" storage="c:\projekte\github\spocr\tests\spocr.integrationtests\bin\release\net8.0\spocr.integrationtests.dll" id="1887d3c5-53f4-da0b-ee84-9df2397a5555">
      <Execution id="9da000a9-fe8b-4bca-a2d5-f5b2babcc82a" />
      <TestMethod codeBase="C:\Projekte\GitHub\spocr\tests\SpocR.IntegrationTests\bin\Release\net8.0\SpocR.IntegrationTests.dll" adapterTypeName="executor://xunit/VsTestRunner3/netcore/" className="SpocR.IntegrationTests.JsonRuntimeDeserializationTests" name="Deserialize_List_Model_Should_Work" />
    </UnitTest>
  </TestDefinitions>
  <TestEntries>
    <TestEntry testId="4719c5d1-5cda-e723-e816-20b087c4441e" executionId="815df53f-4465-4a00-90de-1e922ef91fdd" testListId="8c84fa94-04c1-424b-9868-57a2d4851a1d" />
    <TestEntry testId="78b7896a-0cab-7ef5-01c9-46059bb1b63d" executionId="c866b043-9be4-4a56-aaed-eb20451e1c6b" testListId="8c84fa94-04c1-424b-9868-57a2d4851a1d" />
    <TestEntry testId="b45d2a80-7870-e69b-03cc-237c69d7fff8" executionId="882f0104-de30-4c33-a9d8-7de94dacb438" testListId="8c84fa94-04c1-424b-9868-57a2d4851a1d" />
    <TestEntry testId="300add75-1560-0ba5-c707-21357f29fd43" executionId="21c5801d-9491-462e-b572-017307cd6566" testListId="8c84fa94-04c1-424b-9868-57a2d4851a1d" />
    <TestEntry testId="03331275-8fc0-50ae-1a02-b9ab6a4c0b6f" executionId="8ee90947-cc6d-4e9c-adbe-3347c6cb2638" testListId="8c84fa94-04c1-424b-9868-57a2d4851a1d" />
    <TestEntry testId="84bbebf8-8dae-b3f5-c10c-5d4545c6ca1e" executionId="36fc86b6-dc22-46fa-a03a-555ab037e8ca" testListId="8c84fa94-04c1-424b-9868-57a2d4851a1d" />
    <TestEntry testId="1887d3c5-53f4-da0b-ee84-9df2397a5555" executionId="9da000a9-fe8b-4bca-a2d5-f5b2babcc82a" testListId="8c84fa94-04c1-424b-9868-57a2d4851a1d" />
    <TestEntry testId="2bbb4219-2c53-df70-c7c4-ea3dd7075300" executionId="9539e394-8614-4836-adbd-1e198679840c" testListId="8c84fa94-04c1-424b-9868-57a2d4851a1d" />
    <TestEntry testId="e8973904-7ace-89f5-997f-b5367a9c7f42" executionId="f2076895-144b-4502-8ca6-d837a68d78bc" testListId="8c84fa94-04c1-424b-9868-57a2d4851a1d" />
  </TestEntries>
  <TestLists>
    <TestList name="Ergebnisse nicht in einer Liste" id="8c84fa94-04c1-424b-9868-57a2d4851a1d" />
    <TestList name="Alle geladenen Ergebnisse" id="19431567-8539-422a-85d7-44ee4e166bda" />
  </TestLists>
  <ResultSummary outcome="Completed">
    <Counters total="9" executed="9" passed="9" failed="0" error="0" timeout="0" aborted="0" inconclusive="0" passedButRunAborted="0" notRunnable="0" notExecuted="0" disconnected="0" warning="0" completed="0" inProgress="0" pending="0" />
    <Output>
      <StdOut>[xUnit.net 00:00:00.00] xUnit.net VSTest Adapter v3.1.5+1b188a7b0a (64-bit .NET 8.0.20)&#xD;
[xUnit.net 00:00:00.04]   Discovering: SpocR.IntegrationTests&#xD;
[xUnit.net 00:00:00.06]   Discovered:  SpocR.IntegrationTests&#xD;
[xUnit.net 00:00:00.08]   Starting:    SpocR.IntegrationTests&#xD;
[xUnit.net 00:00:00.14]   Finished:    SpocR.IntegrationTests&#xD;
</StdOut>
    </Output>
    <RunInfos>
      <RunInfo computerName="WOODY" outcome="Warning" timestamp="2025-10-07T13:10:16.5845169+02:00">
        <Text>Datensammler "Blame" – Meldung: Der angegebene blame-Parameterschlüssel "AlwaysCollect" ist ungültig. Dieser Schlüssel wird ignoriert..</Text>
      </RunInfo>
    </RunInfos>
  </ResultSummary>
</TestRun>